// Jest Snapshot v1, https://goo.gl/fbAQLP

exports[`App default 1`] = `
<body>
  <div>
    <p
      style="text-align: center;"
    >
      This is Button Page
    </p>
     
    <div
      data-testid="app-tid"
    >
      <button
        class="button primary svelte-1p69ywv"
        data-testid="button-tid"
      >
        Button
      </button>
    </div>
  </div>
</body>
`;
